23:35:41 **** Incremental Build of configuration Debug for project com1 ****
make all 
make --no-print-directory pre-build
a9-linaro-pre-build-step
 
make --no-print-directory main-build
Building file: ../src/helloworld.c
Invoking: ARM v7 gcc compiler
arm-none-eabi-gcc -Wall -O0 -g3 -c -fmessage-length=0 -MT"src/helloworld.o" -mcpu=cortex-a9 -mfpu=vfpv3 -mfloat-abi=hard -I/home/delinm/Documents/Embeded_Systems-main/uart_bram_project/Vitis_assign/Assign_1/export/Assign_1/sw/Assign_1/standalone_domain/bspinclude/include -MMD -MP -MF"src/helloworld.d" -MT"src/helloworld.o" -o "src/helloworld.o" "../src/helloworld.c"
Finished building: ../src/helloworld.c
 
Building target: com1.elf
Invoking: ARM v7 gcc linker
arm-none-eabi-gcc -mcpu=cortex-a9 -mfpu=vfpv3 -mfloat-abi=hard -Wl,-build-id=none -specs=Xilinx.spec -Wl,-T -Wl,../src/lscript.ld -L/home/delinm/Documents/Embeded_Systems-main/uart_bram_project/Vitis_assign/Assign_1/export/Assign_1/sw/Assign_1/standalone_domain/bsplib/lib -o "com1.elf"  ./src/bram.o ./src/helloworld.o ./src/platform.o ./src/uart.o ./src/uart_bram.o   -Wl,--start-group,-lxil,-lgcc,-lc,--end-group
Finished building target: com1.elf
 
Invoking: ARM v7 Print Size
arm-none-eabi-size com1.elf  |tee "com1.elf.size"
   text	   data	    bss	    dec	    hex	filename
  68808	   2638	  22800	  94246	  17026	com1.elf
Finished building: com1.elf.size
 

23:35:41 Build Finished (took 327ms)

