

================================================================
== Synthesis Summary Report of 'nn_inference'
================================================================
+ General Information: 
    * Date:           Tue Nov 11 15:29:49 2025
    * Version:        2020.2 (Build 3064766 on Wed Nov 18 09:12:47 MST 2020)
    * Project:        AI_HLS
    * Solution:       solution1 (Vivado IP Flow Target)
    * Product family: zynq
    * Target device:  xc7z020-clg400-1
    

+ Performance & Resource Estimates: 
    
    PS: '+' for module; 'o' for loop; '*' for dataflow
    +----------------------------+------+-------+---------+-----------+----------+---------+------+----------+----------+-----------+-------------+--------------+-----+
    |           Modules          | Issue|       | Latency |  Latency  | Iteration|         | Trip |          |          |           |             |              |     |
    |           & Loops          | Type | Slack | (cycles)|    (ns)   |  Latency | Interval| Count| Pipelined|   BRAM   |    DSP    |      FF     |      LUT     | URAM|
    +----------------------------+------+-------+---------+-----------+----------+---------+------+----------+----------+-----------+-------------+--------------+-----+
    |+ nn_inference              |     -|  -0.04|     4035|  4.035e+04|         -|     4036|     -|        no|  34 (12%)|  160 (72%)|  35940 (33%)|  53810 (101%)|    -|
    | + grp_hwmm_layer1_fu_1520  |     -|  -0.50|     3584|  3.584e+04|         -|     3584|     -|        no|  32 (11%)|          -|  17153 (16%)|   28800 (54%)|    -|
    |  o prod                    |     -|  -7.30|      110|  1.100e+03|        12|        1|   100|       yes|         -|          -|            -|             -|    -|
    |  o prod                    |     -|  -7.30|      110|  1.100e+03|        12|        1|   100|       yes|         -|          -|            -|             -|    -|
    |  o prod                    |     -|  -7.30|      110|  1.100e+03|        12|        1|   100|       yes|         -|          -|            -|             -|    -|
    |  o prod                    |     -|  -7.30|      110|  1.100e+03|        12|        1|   100|       yes|         -|          -|            -|             -|    -|
    |  o prod                    |     -|  -7.30|      110|  1.100e+03|        12|        1|   100|       yes|         -|          -|            -|             -|    -|
    |  o prod                    |     -|  -7.30|      110|  1.100e+03|        12|        1|   100|       yes|         -|          -|            -|             -|    -|
    |  o prod                    |     -|  -7.30|      110|  1.100e+03|        12|        1|   100|       yes|         -|          -|            -|             -|    -|
    |  o prod                    |     -|  -7.30|      110|  1.100e+03|        12|        1|   100|       yes|         -|          -|            -|             -|    -|
    |  o prod                    |     -|  -7.30|      110|  1.100e+03|        12|        1|   100|       yes|         -|          -|            -|             -|    -|
    |  o prod                    |     -|  -7.30|      110|  1.100e+03|        12|        1|   100|       yes|         -|          -|            -|             -|    -|
    |  o prod                    |     -|  -7.30|      110|  1.100e+03|        12|        1|   100|       yes|         -|          -|            -|             -|    -|
    |  o prod                    |     -|  -7.30|      110|  1.100e+03|        12|        1|   100|       yes|         -|          -|            -|             -|    -|
    |  o prod                    |     -|  -7.30|      110|  1.100e+03|        12|        1|   100|       yes|         -|          -|            -|             -|    -|
    |  o prod                    |     -|  -7.30|      110|  1.100e+03|        12|        1|   100|       yes|         -|          -|            -|             -|    -|
    |  o prod                    |     -|  -7.30|      110|  1.100e+03|        12|        1|   100|       yes|         -|          -|            -|             -|    -|
    |  o prod                    |     -|  -7.30|      110|  1.100e+03|        12|        1|   100|       yes|         -|          -|            -|             -|    -|
    |  o prod                    |     -|  -7.30|      110|  1.100e+03|        12|        1|   100|       yes|         -|          -|            -|             -|    -|
    |  o prod                    |     -|  -7.30|      110|  1.100e+03|        12|        1|   100|       yes|         -|          -|            -|             -|    -|
    |  o prod                    |     -|  -7.30|      110|  1.100e+03|        12|        1|   100|       yes|         -|          -|            -|             -|    -|
    |  o prod                    |     -|  -7.30|      110|  1.100e+03|        12|        1|   100|       yes|         -|          -|            -|             -|    -|
    |  o prod                    |     -|  -7.30|      110|  1.100e+03|        12|        1|   100|       yes|         -|          -|            -|             -|    -|
    |  o prod                    |     -|  -7.30|      110|  1.100e+03|        12|        1|   100|       yes|         -|          -|            -|             -|    -|
    |  o prod                    |     -|  -7.30|      110|  1.100e+03|        12|        1|   100|       yes|         -|          -|            -|             -|    -|
    |  o prod                    |     -|  -7.30|      110|  1.100e+03|        12|        1|   100|       yes|         -|          -|            -|             -|    -|
    |  o prod                    |     -|  -7.30|      110|  1.100e+03|        12|        1|   100|       yes|         -|          -|            -|             -|    -|
    |  o prod                    |     -|  -7.30|      110|  1.100e+03|        12|        1|   100|       yes|         -|          -|            -|             -|    -|
    |  o prod                    |     -|  -7.30|      110|  1.100e+03|        12|        1|   100|       yes|         -|          -|            -|             -|    -|
    |  o prod                    |     -|  -7.30|      110|  1.100e+03|        12|        1|   100|       yes|         -|          -|            -|             -|    -|
    |  o prod                    |     -|  -7.30|      110|  1.100e+03|        12|        1|   100|       yes|         -|          -|            -|             -|    -|
    |  o prod                    |     -|  -7.30|      110|  1.100e+03|        12|        1|   100|       yes|         -|          -|            -|             -|    -|
    |  o prod                    |     -|  -7.30|      110|  1.100e+03|        12|        1|   100|       yes|         -|          -|            -|             -|    -|
    |  o prod                    |     -|  -7.30|      110|  1.100e+03|        12|        1|   100|       yes|         -|          -|            -|             -|    -|
    | o Loop 1                   |     -|  -7.30|       32|    320.000|         1|        1|    32|       yes|         -|          -|            -|             -|    -|
    | o Loop 2                   |     -|  -7.30|       16|    160.000|         1|        1|    16|       yes|         -|          -|            -|             -|    -|
    | o Loop 3                   |     -|  -7.30|       10|    100.000|         1|        1|    10|       yes|         -|          -|            -|             -|    -|
    | o loop1                    |     -|  -7.30|       35|    350.000|         5|        1|    32|       yes|         -|          -|            -|             -|    -|
    | o col                      |     -|  -7.30|      181|  1.810e+03|       167|        1|    16|       yes|         -|          -|            -|             -|    -|
    | o loop1                    |     -|  -7.30|       19|    190.000|         5|        1|    16|       yes|         -|          -|            -|             -|    -|
    | o col                      |     -|  -7.30|       95|    950.000|        87|        1|    10|       yes|         -|          -|            -|             -|    -|
    | o loop1                    |    II|  -7.30|       22|    220.000|         4|        2|    10|       yes|         -|          -|            -|             -|    -|
    +----------------------------+------+-------+---------+-----------+----------+---------+------+----------+----------+-----------+-------------+--------------+-----+

